// Vitest Snapshot v1, https://vitest.dev/guide/snapshot.html

exports[`access_hidden_namespace.w > stderr 1`] = `""`;

exports[`access_static_from_instance.w > stderr 1`] = `""`;

exports[`bring.w > stderr 1`] = `""`;

exports[`bring_jsii.w > stderr 1`] = `""`;

exports[`capture_mutables.w > stderr 1`] = `""`;

exports[`capture_reassignable.w > stderr 1`] = `""`;

exports[`class.w > stderr 1`] = `""`;

exports[`cloud_function_expects_inflight.w > stderr 1`] = `""`;

exports[`construction.w > stderr 1`] = `""`;

exports[`container_types.w > stderr 1`] = `""`;

exports[`enums.w > stderr 1`] = `""`;

exports[`extern.w > stderr 1`] = `""`;

exports[`for_loop.w > stderr 1`] = `""`;

exports[`immutable_container_types.w > stderr 1`] = `""`;

exports[`impl_interface.w > stderr 1`] = `""`;

exports[`inflight_in_class.w > stderr 1`] = `""`;

exports[`inflight_ref_explicit_ops.w > stderr 1`] = `""`;

exports[`inflight_ref_resource_sub_method.w > stderr 1`] = `""`;

exports[`inflight_ref_unknown_op.w > stderr 1`] = `""`;

exports[`interface.w > stderr 1`] = `""`;

exports[`json.w > stderr 1`] = `""`;

exports[`json_static.w > stderr 1`] = `""`;

exports[`missing_semicolon.w > stderr 1`] = `""`;

exports[`mut_container_types.w > stderr 1`] = `""`;

exports[`nil.w > stderr 1`] = `""`;

exports[`optionals.w > stderr 1`] = `""`;

exports[`preflight_class_inflight.w > stderr 1`] = `""`;

exports[`preflight_from_inflight.w > stderr 1`] = `""`;

exports[`primitives.w > stderr 1`] = `""`;

exports[`reassign_to_nonreassignable.w > stderr 1`] = `""`;

exports[`resource_access_field_as_method.w > stderr 1`] = `""`;

exports[`resource_captures.w > stderr 1`] = `""`;

exports[`resource_inflight.w > stderr 1`] = `""`;

exports[`resource_init.w > stderr 1`] = `""`;

exports[`sorted_errors_no_span.w > stderr 1`] = `""`;

exports[`statement_invalid_scope.w > stderr 1`] = `""`;

exports[`statements_if.w > stderr 1`] = `""`;

exports[`std_containers.w > stderr 1`] = `""`;

exports[`struct_expansion.w > stderr 1`] = `""`;

exports[`structs.w > stderr 1`] = `""`;

exports[`try_no_catch_or_finally.w > stderr 1`] = `""`;

exports[`types_strings_arithmetic.w > stderr 1`] = `""`;

exports[`unimplemented_grammar.w > stderr 1`] = `""`;

exports[`unknown_symbol.w > stderr 1`] = `""`;

exports[`use_before_defined.w > stderr 1`] = `""`;

exports[`variable_scoping.w > stderr 1`] = `""`;

exports[`void_in_expression_position.w > stderr 1`] = `""`;
